// Jest Snapshot v1, https://goo.gl/fbAQLP

exports[`Button Component Button Matches Snapshot 1`] = `
<button>
  Original Button Component
</button>
`;

exports[`Info Component Info Matches Snapshot 1`] = `
<div
  className="info"
>
  * IMDB Top Movies + Rotten Tomatoes = Overall Sort Order *
</div>
`;
